// Jest Snapshot v1, https://goo.gl/fbAQLP

exports[`4gl: Token hello1.4gl 1`] = `
main 
  display "hello "
end main
~~~~~~~~~~~~~~~~~~~~~~~~~~~~~~~~~~~~~~~~~~~~~~~~~~~~~~~~~~~~~~~~~~~~~~~~~~~~~~~~
[
  [
    [
      {
        "kind": 5,
        "offset": {
          "start": 0,
          "end": 5
        },
        "line": 1,
        "column": 1,
        "value": "main"
      },
      {
        "kind": 2,
        "offset": {
          "start": 0,
          "end": 5
        },
        "line": 1,
        "column": 1,
        "value": ""
      }
    ],
    {
      "kind": 6,
      "offset": {
        "start": 5,
        "end": 6
      },
      "line": 1,
      "column": 6,
      "value": "\\n"
    },
    {
      "kind": 6,
      "offset": {
        "start": 6,
        "end": 8
      },
      "line": 2,
      "column": 1,
      "value": "  "
    },
    {
      "kind": 5,
      "offset": {
        "start": 8,
        "end": 16
      },
      "line": 2,
      "column": 3,
      "value": "display"
    },
    {
      "kind": 8,
      "offset": {
        "start": 16,
        "end": 24
      },
      "line": 2,
      "column": 11,
      "value": "\\"hello \\""
    },
    {
      "kind": 6,
      "offset": {
        "start": 24,
        "end": 25
      },
      "line": 2,
      "column": 19,
      "value": "\\n"
    },
    [
      {
        "kind": 3,
        "offset": {
          "start": 25,
          "end": 29
        },
        "line": 3,
        "column": 1,
        "value": ""
      },
      {
        "kind": 5,
        "offset": {
          "start": 25,
          "end": 29
        },
        "line": 3,
        "column": 1,
        "value": "end"
      }
    ],
    {
      "kind": 5,
      "offset": {
        "start": 29,
        "end": 34
      },
      "line": 3,
      "column": 5,
      "value": "main"
    }
  ]
]
`;

exports[`4gl: Token hello2.4gl 1`] = `
main

--  define nome char(50) # abc
--  prompt "digite seu nome : " for nome

--  call fgl_winmessage( "hello",nome, "info")

end main
~~~~~~~~~~~~~~~~~~~~~~~~~~~~~~~~~~~~~~~~~~~~~~~~~~~~~~~~~~~~~~~~~~~~~~~~~~~~~~~~
[
  [
    [
      {
        "kind": 5,
        "offset": {
          "start": 0,
          "end": 6
        },
        "line": 1,
        "column": 1,
        "value": "main"
      },
      {
        "kind": 2,
        "offset": {
          "start": 0,
          "end": 6
        },
        "line": 1,
        "column": 1,
        "value": ""
      }
    ],
    {
      "kind": 14,
      "offset": {
        "start": 6,
        "end": 7
      },
      "line": 3,
      "column": 1,
      "value": "-"
    },
    {
      "kind": 14,
      "offset": {
        "start": 7,
        "end": 10
      },
      "line": 3,
      "column": 2,
      "value": "-  "
    },
    {
      "kind": 5,
      "offset": {
        "start": 10,
        "end": 17
      },
      "line": 3,
      "column": 5,
      "value": "define"
    },
    {
      "kind": 11,
      "offset": {
        "start": 17,
        "end": 21
      },
      "line": 3,
      "column": 12,
      "value": "nome"
    },
    {
      "kind": 6,
      "offset": {
        "start": 21,
        "end": 22
      },
      "line": 3,
      "column": 16,
      "value": " "
    },
    {
      "kind": 11,
      "offset": {
        "start": 22,
        "end": 26
      },
      "line": 3,
      "column": 17,
      "value": "char"
    },
    {
      "kind": 15,
      "offset": {
        "start": 26,
        "end": 27
      },
      "line": 3,
      "column": 21,
      "value": "("
    },
    {
      "kind": 9,
      "offset": {
        "start": 27,
        "end": 29
      },
      "line": 3,
      "column": 22,
      "value": "50"
    },
    {
      "kind": 16,
      "offset": {
        "start": 29,
        "end": 31
      },
      "line": 3,
      "column": 24,
      "value": ") "
    },
    {
      "kind": 7,
      "offset": {
        "start": 31,
        "end": 37
      },
      "line": 3,
      "column": 26,
      "value": "# abc\\n"
    },
    {
      "kind": 14,
      "offset": {
        "start": 37,
        "end": 38
      },
      "line": 4,
      "column": 1,
      "value": "-"
    },
    {
      "kind": 14,
      "offset": {
        "start": 38,
        "end": 41
      },
      "line": 4,
      "column": 2,
      "value": "-  "
    },
    {
      "kind": 5,
      "offset": {
        "start": 41,
        "end": 48
      },
      "line": 4,
      "column": 5,
      "value": "prompt"
    },
    {
      "kind": 8,
      "offset": {
        "start": 48,
        "end": 68
      },
      "line": 4,
      "column": 12,
      "value": "\\"digite seu nome : \\""
    },
    {
      "kind": 6,
      "offset": {
        "start": 68,
        "end": 69
      },
      "line": 4,
      "column": 32,
      "value": " "
    },
    [
      {
        "kind": 5,
        "offset": {
          "start": 69,
          "end": 73
        },
        "line": 4,
        "column": 33,
        "value": "for"
      },
      {
        "kind": 2,
        "offset": {
          "start": 69,
          "end": 73
        },
        "line": 4,
        "column": 33,
        "value": ""
      }
    ],
    {
      "kind": 11,
      "offset": {
        "start": 73,
        "end": 77
      },
      "line": 4,
      "column": 37,
      "value": "nome"
    },
    {
      "kind": 6,
      "offset": {
        "start": 77,
        "end": 79
      },
      "line": 4,
      "column": 41,
      "value": "\\n\\n"
    },
    {
      "kind": 14,
      "offset": {
        "start": 79,
        "end": 80
      },
      "line": 6,
      "column": 1,
      "value": "-"
    },
    {
      "kind": 14,
      "offset": {
        "start": 80,
        "end": 83
      },
      "line": 6,
      "column": 2,
      "value": "-  "
    },
    {
      "kind": 5,
      "offset": {
        "start": 83,
        "end": 88
      },
      "line": 6,
      "column": 5,
      "value": "call"
    },
    {
      "kind": 11,
      "offset": {
        "start": 88,
        "end": 102
      },
      "line": 6,
      "column": 10,
      "value": "fgl_winmessage"
    },
    {
      "kind": 15,
      "offset": {
        "start": 102,
        "end": 104
      },
      "line": 6,
      "column": 24,
      "value": "( "
    },
    {
      "kind": 8,
      "offset": {
        "start": 104,
        "end": 111
      },
      "line": 6,
      "column": 26,
      "value": "\\"hello\\""
    },
    {
      "kind": 14,
      "offset": {
        "start": 111,
        "end": 112
      },
      "line": 6,
      "column": 33,
      "value": ","
    },
    {
      "kind": 11,
      "offset": {
        "start": 112,
        "end": 116
      },
      "line": 6,
      "column": 34,
      "value": "nome"
    },
    {
      "kind": 14,
      "offset": {
        "start": 116,
        "end": 118
      },
      "line": 6,
      "column": 38,
      "value": ", "
    },
    {
      "kind": 8,
      "offset": {
        "start": 118,
        "end": 124
      },
      "line": 6,
      "column": 40,
      "value": "\\"info\\""
    },
    {
      "kind": 16,
      "offset": {
        "start": 124,
        "end": 127
      },
      "line": 6,
      "column": 46,
      "value": ")\\n\\n"
    },
    [
      {
        "kind": 3,
        "offset": {
          "start": 127,
          "end": 131
        },
        "line": 8,
        "column": 1,
        "value": ""
      },
      {
        "kind": 5,
        "offset": {
          "start": 127,
          "end": 131
        },
        "line": 8,
        "column": 1,
        "value": "end"
      }
    ],
    {
      "kind": 5,
      "offset": {
        "start": 131,
        "end": 136
      },
      "line": 8,
      "column": 5,
      "value": "main"
    }
  ]
]
`;

exports[`4gl: Token hello3.4gl 1`] = `
~~~~~~~~~~~~~~~~~~~~~~~~~~~~~~~~~~~~~~~~~~~~~~~~~~~~~~~~~~~~~~~~~~~~~~~~~~~~~~~~
[
  []
]
`;
