// Jest Snapshot v1, https://goo.gl/fbAQLP

exports[`4gl: Token comment.4gl 1`] = `
# linha 1
# linha 2
# linha 3

--linha A
--linha B

--linha A1

--linha B2
--linha B3

{ bloco comentado de uma linha }

{ 
    bloco 
    comentado 
    de 
    varias
    linhas 
}
~~~~~~~~~~~~~~~~~~~~~~~~~~~~~~~~~~~~~~~~~~~~~~~~~~~~~~~~~~~~~~~~~~~~~~~~~~~~~~~~
[
  [
    {
      "kind": "comment",
      "offset": {
        "start": 0,
        "end": 10
      },
      "line": 1,
      "column": 1,
      "value": "# linha 1\\n"
    },
    {
      "kind": "comment",
      "offset": {
        "start": 10,
        "end": 20
      },
      "line": 2,
      "column": 1,
      "value": "# linha 2\\n"
    },
    {
      "kind": "comment",
      "offset": {
        "start": 20,
        "end": 30
      },
      "line": 3,
      "column": 1,
      "value": "# linha 3\\n"
    },
    [
      {
        "kind": "whitespace",
        "offset": {
          "start": 30,
          "end": 31
        },
        "line": 4,
        "column": 1,
        "value": "\\n"
      }
    ],
    {
      "kind": "whitespace",
      "offset": {
        "start": 38,
        "end": 39
      },
      "line": 5,
      "column": 8,
      "value": " "
    },
    [
      {
        "kind": "whitespace",
        "offset": {
          "start": 40,
          "end": 41
        },
        "line": 5,
        "column": 10,
        "value": "\\n"
      }
    ],
    {
      "kind": "whitespace",
      "offset": {
        "start": 48,
        "end": 49
      },
      "line": 6,
      "column": 8,
      "value": " "
    },
    [
      {
        "kind": "whitespace",
        "offset": {
          "start": 50,
          "end": 51
        },
        "line": 6,
        "column": 10,
        "value": "\\n"
      },
      {
        "kind": "whitespace",
        "offset": {
          "start": 51,
          "end": 52
        },
        "line": 7,
        "column": 1,
        "value": "\\n"
      }
    ],
    {
      "kind": "whitespace",
      "offset": {
        "start": 59,
        "end": 60
      },
      "line": 8,
      "column": 8,
      "value": " "
    },
    [
      {
        "kind": "whitespace",
        "offset": {
          "start": 62,
          "end": 63
        },
        "line": 8,
        "column": 11,
        "value": "\\n"
      },
      {
        "kind": "whitespace",
        "offset": {
          "start": 63,
          "end": 64
        },
        "line": 9,
        "column": 1,
        "value": "\\n"
      }
    ],
    {
      "kind": "whitespace",
      "offset": {
        "start": 71,
        "end": 72
      },
      "line": 10,
      "column": 8,
      "value": " "
    },
    [
      {
        "kind": "whitespace",
        "offset": {
          "start": 74,
          "end": 75
        },
        "line": 10,
        "column": 11,
        "value": "\\n"
      }
    ],
    {
      "kind": "whitespace",
      "offset": {
        "start": 82,
        "end": 83
      },
      "line": 11,
      "column": 8,
      "value": " "
    },
    [
      {
        "kind": "whitespace",
        "offset": {
          "start": 85,
          "end": 86
        },
        "line": 11,
        "column": 11,
        "value": "\\n"
      },
      {
        "kind": "whitespace",
        "offset": {
          "start": 86,
          "end": 87
        },
        "line": 12,
        "column": 1,
        "value": "\\n"
      }
    ],
    {
      "kind": "comment",
      "offset": {
        "start": 87,
        "end": 121
      },
      "line": 13,
      "column": 1,
      "value": "{ bloco comentado de uma linha }\\n\\n"
    },
    {
      "kind": "comment",
      "offset": {
        "start": 121,
        "end": 183
      },
      "line": 15,
      "column": 1,
      "value": "{ \\n    bloco \\n    comentado \\n    de \\n    varias\\n    linhas \\n}\\n"
    }
  ]
]
`;
