// Jest Snapshot v1, https://goo.gl/fbAQLP

exports[`4gl: program array.4gl 1`] = `
program:  [1:1-20:13] {C:1} {A:{}}
| block:  [1:1-3:11] {C:3} {A:{}}
| | beginBlock:  [1:1-1:5] {C:1} {A:{}}
| | | keyword: main [1:1-1:4] {C:0} {A:{}}
| | | endLine: - [1:5-1:5] {C:0} {A:{}}
| | | -newLine: \\n [1:5-1:5] {C:0} {A:{}}
| | bodyBlock:  [1:1-2:37] {C:1} {A:{}}
| | | whiteSpace:      [2:1-2:4] {C:0} {A:{}}
| | | keyword: define [2:5-2:10] {C:0} {A:{}}
| | | whiteSpace:   [2:11-2:11] {C:0} {A:{}}
| | | identifier: lista [2:12-2:16] {C:0} {A:{}}
| | | whiteSpace:   [2:17-2:17] {C:0} {A:{}}
| | | keyword: array [2:18-2:22] {C:0} {A:{}}
| | | operatorBracket: [ [2:23-2:23] {C:0} {A:{}}
| | | number: 5 [2:24-2:24] {C:0} {A:{}}
| | | operatorBracket: ] [2:25-2:25] {C:0} {A:{}}
| | | whiteSpace:   [2:26-2:26] {C:0} {A:{}}
| | | keyword: of [2:27-2:28] {C:0} {A:{}}
| | | whiteSpace:   [2:29-2:29] {C:0} {A:{}}
| | | keyword: integer [2:30-2:36] {C:0} {A:{}}
| | | newLine: \\n [2:37-2:37] {C:0} {A:{}}
| | endBlock:  [1:1-3:11] {C:1} {A:{}}
| | | keyword: end [3:1-3:3] {C:0} {A:{}}
| | | whiteSpace:   [3:4-3:4] {C:0} {A:{}}
| | | keyword: main [3:5-3:8] {C:0} {A:{}}
| | | endLine: - [3:9-3:11] {C:0} {A:{}}
| | | -newLine: \\n\\n\\n [3:9-3:11] {C:0} {A:{}}
| block:  [6:1-10:14] {C:3} {A:{}}
| | beginBlock:  [6:1-6:14] {C:1} {A:{}}
| | | keyword: function [6:1-6:8] {C:0} {A:{}}
| | | whiteSpace:   [6:9-6:9] {C:0} {A:{}}
| | | identifier: f1 [6:10-6:11] {C:0} {A:{}}
| | | argumentList:  [6:12-6:13] {C:1} {A:{}}
| | | | operatorParenthesis: ( [6:12-6:12] {C:0} {A:{}}
| | | | operatorParenthesis: ) [6:13-6:13] {C:0} {A:{}}
| | | endLine: - [6:14-6:14] {C:0} {A:{}}
| | | -newLine: \\n [6:14-6:14] {C:0} {A:{}}
| | bodyBlock:  [6:1-8:37] {C:1} {A:{}}
| | | whiteSpace: \\t [7:1-7:1] {C:0} {A:{}}
| | | keyword: define [7:2-7:7] {C:0} {A:{}}
| | | whiteSpace:   [7:8-7:8] {C:0} {A:{}}
| | | identifier: var1 [7:9-7:12] {C:0} {A:{}}
| | | whiteSpace:   [7:13-7:13] {C:0} {A:{}}
| | | keyword: array [7:14-7:18] {C:0} {A:{}}
| | | operatorBracket: [ [7:19-7:19] {C:0} {A:{}}
| | | number: 1 [7:20-7:20] {C:0} {A:{}}
| | | operatorBracket: ] [7:21-7:21] {C:0} {A:{}}
| | | whiteSpace:   [7:22-7:22] {C:0} {A:{}}
| | | keyword: of [7:23-7:24] {C:0} {A:{}}
| | | whiteSpace:   [7:25-7:25] {C:0} {A:{}}
| | | keyword: integer [7:26-7:32] {C:0} {A:{}}
| | | newLine: \\n [7:33-7:33] {C:0} {A:{}}
| | | whiteSpace: \\t [8:1-8:1] {C:0} {A:{}}
| | | keyword: define [8:2-8:7] {C:0} {A:{}}
| | | whiteSpace:   [8:8-8:8] {C:0} {A:{}}
| | | identifier: var1 [8:9-8:12] {C:0} {A:{}}
| | | whiteSpace:   [8:13-8:13] {C:0} {A:{}}
| | | keyword: array [8:14-8:18] {C:0} {A:{}}
| | | operatorBracket: [ [8:19-8:19] {C:0} {A:{}}
| | | number: 1 [8:20-8:20] {C:0} {A:{}}
| | | operatorSeparator: , [8:21-8:21] {C:0} {A:{}}
| | | number: 2 [8:22-8:22] {C:0} {A:{}}
| | | operatorBracket: ] [8:23-8:23] {C:0} {A:{}}
| | | whiteSpace:   [8:24-8:24] {C:0} {A:{}}
| | | keyword: of [8:25-8:26] {C:0} {A:{}}
| | | whiteSpace:   [8:27-8:27] {C:0} {A:{}}
| | | keyword: char [8:28-8:31] {C:0} {A:{}}
| | | operatorParenthesis: ( [8:32-8:32] {C:0} {A:{}}
| | | number: 30 [8:33-8:34] {C:0} {A:{}}
| | | operatorParenthesis: ) [8:35-8:35] {C:0} {A:{}}
| | | newLine: \\n\\n [8:36-8:37] {C:0} {A:{}}
| | endBlock:  [6:1-10:14] {C:1} {A:{}}
| | | keyword: end [10:1-10:3] {C:0} {A:{}}
| | | whiteSpace:   [10:4-10:4] {C:0} {A:{}}
| | | keyword: function [10:5-10:12] {C:0} {A:{}}
| | | endLine: - [10:13-10:14] {C:0} {A:{}}
| | | -newLine: \\n\\n [10:13-10:14] {C:0} {A:{}}
| block:  [12:1-20:13] {C:3} {A:{}}
| | beginBlock:  [12:1-12:15] {C:1} {A:{}}
| | | keyword: function [12:1-12:8] {C:0} {A:{}}
| | | whiteSpace:   [12:9-12:9] {C:0} {A:{}}
| | | identifier: f2 [12:10-12:11] {C:0} {A:{}}
| | | argumentList:  [12:12-12:13] {C:1} {A:{}}
| | | | operatorParenthesis: ( [12:12-12:12] {C:0} {A:{}}
| | | | operatorParenthesis: ) [12:13-12:13] {C:0} {A:{}}
| | | endLine: - [12:14-12:15] {C:0} {A:{}}
| | | -newLine: \\n\\n [12:14-12:15] {C:0} {A:{}}
| | bodyBlock:  [12:1-18:58] {C:1} {A:{}}
| | | whiteSpace: \\t [14:1-14:1] {C:0} {A:{}}
| | | keyword: let [14:2-14:4] {C:0} {A:{}}
| | | whiteSpace:   [14:5-14:5] {C:0} {A:{}}
| | | identifier: ma_array [14:6-14:13] {C:0} {A:{}}
| | | operatorBracket: [ [14:14-14:14] {C:0} {A:{}}
| | | identifier: l_ind [14:15-14:19] {C:0} {A:{}}
| | | operatorBracket: ] [14:20-14:20] {C:0} {A:{}}
| | | identifier: .f2_check [14:21-14:29] {C:0} {A:{}}
| | | whiteSpace:        [14:30-14:35] {C:0} {A:{}}
| | | operatorMath: = [14:36-14:36] {C:0} {A:{}}
| | | whiteSpace:   [14:37-14:37] {C:0} {A:{}}
| | | keyword: null [14:38-14:41] {C:0} {A:{}}
| | | newLine: \\n [14:42-14:42] {C:0} {A:{}}
| | | whiteSpace: \\t [15:1-15:1] {C:0} {A:{}}
| | | keyword: let [15:2-15:4] {C:0} {A:{}}
| | | whiteSpace:   [15:5-15:5] {C:0} {A:{}}
| | | identifier: ma_array [15:6-15:13] {C:0} {A:{}}
| | | operatorBracket: [ [15:14-15:14] {C:0} {A:{}}
| | | identifier: l_ind [15:15-15:19] {C:0} {A:{}}
| | | operatorBracket: ] [15:20-15:20] {C:0} {A:{}}
| | | identifier: .f2_integer [15:21-15:31] {C:0} {A:{}}
| | | whiteSpace:      [15:32-15:35] {C:0} {A:{}}
| | | operatorMath: = [15:36-15:36] {C:0} {A:{}}
| | | whiteSpace:   [15:37-15:37] {C:0} {A:{}}
| | | keyword: null [15:38-15:41] {C:0} {A:{}}
| | | newLine: \\n [15:42-15:42] {C:0} {A:{}}
| | | whiteSpace: \\t [16:1-16:1] {C:0} {A:{}}
| | | keyword: let [16:2-16:4] {C:0} {A:{}}
| | | whiteSpace:   [16:5-16:5] {C:0} {A:{}}
| | | identifier: ma_array [16:6-16:13] {C:0} {A:{}}
| | | operatorBracket: [ [16:14-16:14] {C:0} {A:{}}
| | | identifier: l_ind [16:15-16:19] {C:0} {A:{}}
| | | operatorBracket: ] [16:20-16:20] {C:0} {A:{}}
| | | identifier: .f2_date [16:21-16:28] {C:0} {A:{}}
| | | whiteSpace:         [16:29-16:35] {C:0} {A:{}}
| | | operatorMath: = [16:36-16:36] {C:0} {A:{}}
| | | whiteSpace:   [16:37-16:37] {C:0} {A:{}}
| | | keyword: today [16:38-16:42] {C:0} {A:{}}
| | | whiteSpace:   [16:43-16:43] {C:0} {A:{}}
| | | operatorMath: + [16:44-16:44] {C:0} {A:{}}
| | | whiteSpace:   [16:45-16:45] {C:0} {A:{}}
| | | identifier: l_ind [16:46-16:50] {C:0} {A:{}}
| | | whiteSpace:   [16:51-16:51] {C:0} {A:{}}
| | | keyword: units [16:52-16:56] {C:0} {A:{}}
| | | whiteSpace:   [16:57-16:57] {C:0} {A:{}}
| | | keyword: day [16:58-16:60] {C:0} {A:{}}
| | | newLine: \\n [16:61-16:61] {C:0} {A:{}}
| | | whiteSpace: \\t [17:1-17:1] {C:0} {A:{}}
| | | keyword: let [17:2-17:4] {C:0} {A:{}}
| | | whiteSpace:   [17:5-17:5] {C:0} {A:{}}
| | | identifier: ma_array [17:6-17:13] {C:0} {A:{}}
| | | operatorBracket: [ [17:14-17:14] {C:0} {A:{}}
| | | identifier: l_ind [17:15-17:19] {C:0} {A:{}}
| | | operatorBracket: ] [17:20-17:20] {C:0} {A:{}}
| | | identifier: .f2_char [17:21-17:28] {C:0} {A:{}}
| | | whiteSpace:         [17:29-17:35] {C:0} {A:{}}
| | | operatorMath: = [17:36-17:36] {C:0} {A:{}}
| | | whiteSpace:   [17:37-17:37] {C:0} {A:{}}
| | | string: "texto" [17:38-17:44] {C:0} {A:{}}
| | | operator: || [17:45-17:46] {C:0} {A:{}}
| | | identifier: l_ind [17:47-17:51] {C:0} {A:{}}
| | | newLine: \\n [17:52-17:52] {C:0} {A:{}}
| | | whiteSpace: \\t [18:1-18:1] {C:0} {A:{}}
| | | keyword: let [18:2-18:4] {C:0} {A:{}}
| | | whiteSpace:   [18:5-18:5] {C:0} {A:{}}
| | | identifier: ma_array [18:6-18:13] {C:0} {A:{}}
| | | operatorBracket: [ [18:14-18:14] {C:0} {A:{}}
| | | identifier: l_ind [18:15-18:19] {C:0} {A:{}}
| | | operatorBracket: ] [18:20-18:20] {C:0} {A:{}}
| | | identifier: .f2_date [18:21-18:28] {C:0} {A:{}}
| | | whiteSpace:         [18:29-18:35] {C:0} {A:{}}
| | | operatorMath: = [18:36-18:36] {C:0} {A:{}}
| | | whiteSpace:   [18:37-18:37] {C:0} {A:{}}
| | | keyword: today [18:38-18:42] {C:0} {A:{}}
| | | whiteSpace:   [18:43-18:43] {C:0} {A:{}}
| | | operatorMath: + [18:44-18:44] {C:0} {A:{}}
| | | whiteSpace:   [18:45-18:45] {C:0} {A:{}}
| | | number: 3 [18:46-18:46] {C:0} {A:{}}
| | | whiteSpace:   [18:47-18:47] {C:0} {A:{}}
| | | keyword: units [18:48-18:52] {C:0} {A:{}}
| | | whiteSpace:   [18:53-18:53] {C:0} {A:{}}
| | | keyword: day [18:54-18:56] {C:0} {A:{}}
| | | newLine: \\n\\n [18:57-18:58] {C:0} {A:{}}
| | endBlock:  [12:1-20:13] {C:1} {A:{}}
| | | keyword: end [20:1-20:3] {C:0} {A:{}}
| | | whiteSpace:   [20:4-20:4] {C:0} {A:{}}
| | | keyword: function [20:5-20:12] {C:0} {A:{}}
| | | endLine: - [20:13-20:13] {C:0} {A:{}}
| | | -newLine: \\n [20:13-20:13] {C:0} {A:{}}

`;

exports[`4gl: program array2.4gl 1`] = `
program:  [1:1-4:9] {C:1} {A:{}}
| block:  [1:1-4:9] {C:3} {A:{}}
| | beginBlock:  [1:1-1:5] {C:1} {A:{}}
| | | keyword: main [1:1-1:4] {C:0} {A:{}}
| | | endLine: - [1:5-1:5] {C:0} {A:{}}
| | | -newLine: \\n [1:5-1:5] {C:0} {A:{}}
| | bodyBlock:  [1:1-3:39] {C:1} {A:{}}
| | | whiteSpace:      [2:1-2:4] {C:0} {A:{}}
| | | keyword: define [2:5-2:10] {C:0} {A:{}}
| | | whiteSpace:   [2:11-2:11] {C:0} {A:{}}
| | | identifier: lista [2:12-2:16] {C:0} {A:{}}
| | | whiteSpace:   [2:17-2:17] {C:0} {A:{}}
| | | keyword: array [2:18-2:22] {C:0} {A:{}}
| | | operatorBracket: [ [2:23-2:23] {C:0} {A:{}}
| | | number: 5 [2:24-2:24] {C:0} {A:{}}
| | | operatorBracket: ] [2:25-2:25] {C:0} {A:{}}
| | | whiteSpace:   [2:26-2:26] {C:0} {A:{}}
| | | keyword: of [2:27-2:28] {C:0} {A:{}}
| | | whiteSpace:   [2:29-2:29] {C:0} {A:{}}
| | | keyword: integer [2:30-2:36] {C:0} {A:{}}
| | | newLine: \\n [2:37-2:37] {C:0} {A:{}}
| | | whiteSpace: \\t [3:1-3:1] {C:0} {A:{}}
| | | keyword: call [3:2-3:5] {C:0} {A:{}}
| | | whiteSpace:   [3:6-3:6] {C:0} {A:{}}
| | | identifier: arrayadditem [3:7-3:18] {C:0} {A:{}}
| | | operatorParenthesis: ( [3:19-3:19] {C:0} {A:{}}
| | | identifier: p_array [3:20-3:26] {C:0} {A:{}}
| | | operatorSeparator: , [3:27-3:27] {C:0} {A:{}}
| | | identifier: l_linesadd [3:28-3:37] {C:0} {A:{}}
| | | operatorParenthesis: ) [3:38-3:38] {C:0} {A:{}}
| | | newLine: \\n [3:39-3:39] {C:0} {A:{}}
| | endBlock:  [1:1-4:9] {C:1} {A:{}}
| | | keyword: end [4:1-4:3] {C:0} {A:{}}
| | | whiteSpace:   [4:4-4:4] {C:0} {A:{}}
| | | keyword: main [4:5-4:8] {C:0} {A:{}}
| | | endLine: - [4:9-4:9] {C:0} {A:{}}
| | | -newLine: \\n [4:9-4:9] {C:0} {A:{}}

`;

exports[`4gl: token array.4gl 1`] = `
token:  [1:1-20:13] {C:1} {A:{}}
| keyword: main [1:1-1:4] {C:0} {A:{}}
| newLine: \\n [1:5-1:5] {C:0} {A:{}}
| whiteSpace:      [2:1-2:4] {C:0} {A:{}}
| keyword: define [2:5-2:10] {C:0} {A:{}}
| whiteSpace:   [2:11-2:11] {C:0} {A:{}}
| identifier: lista [2:12-2:16] {C:0} {A:{}}
| whiteSpace:   [2:17-2:17] {C:0} {A:{}}
| keyword: array [2:18-2:22] {C:0} {A:{}}
| operatorBracket: [ [2:23-2:23] {C:0} {A:{}}
| number: 5 [2:24-2:24] {C:0} {A:{}}
| operatorBracket: ] [2:25-2:25] {C:0} {A:{}}
| whiteSpace:   [2:26-2:26] {C:0} {A:{}}
| keyword: of [2:27-2:28] {C:0} {A:{}}
| whiteSpace:   [2:29-2:29] {C:0} {A:{}}
| keyword: integer [2:30-2:36] {C:0} {A:{}}
| newLine: \\n [2:37-2:37] {C:0} {A:{}}
| keyword: end [3:1-3:3] {C:0} {A:{}}
| whiteSpace:   [3:4-3:4] {C:0} {A:{}}
| keyword: main [3:5-3:8] {C:0} {A:{}}
| newLine: \\n\\n\\n [3:9-3:11] {C:0} {A:{}}
| keyword: function [6:1-6:8] {C:0} {A:{}}
| whiteSpace:   [6:9-6:9] {C:0} {A:{}}
| identifier: f1 [6:10-6:11] {C:0} {A:{}}
| operatorParenthesis: ( [6:12-6:12] {C:0} {A:{}}
| operatorParenthesis: ) [6:13-6:13] {C:0} {A:{}}
| newLine: \\n [6:14-6:14] {C:0} {A:{}}
| whiteSpace: \\t [7:1-7:1] {C:0} {A:{}}
| keyword: define [7:2-7:7] {C:0} {A:{}}
| whiteSpace:   [7:8-7:8] {C:0} {A:{}}
| identifier: var1 [7:9-7:12] {C:0} {A:{}}
| whiteSpace:   [7:13-7:13] {C:0} {A:{}}
| keyword: array [7:14-7:18] {C:0} {A:{}}
| operatorBracket: [ [7:19-7:19] {C:0} {A:{}}
| number: 1 [7:20-7:20] {C:0} {A:{}}
| operatorBracket: ] [7:21-7:21] {C:0} {A:{}}
| whiteSpace:   [7:22-7:22] {C:0} {A:{}}
| keyword: of [7:23-7:24] {C:0} {A:{}}
| whiteSpace:   [7:25-7:25] {C:0} {A:{}}
| keyword: integer [7:26-7:32] {C:0} {A:{}}
| newLine: \\n [7:33-7:33] {C:0} {A:{}}
| whiteSpace: \\t [8:1-8:1] {C:0} {A:{}}
| keyword: define [8:2-8:7] {C:0} {A:{}}
| whiteSpace:   [8:8-8:8] {C:0} {A:{}}
| identifier: var1 [8:9-8:12] {C:0} {A:{}}
| whiteSpace:   [8:13-8:13] {C:0} {A:{}}
| keyword: array [8:14-8:18] {C:0} {A:{}}
| operatorBracket: [ [8:19-8:19] {C:0} {A:{}}
| number: 1 [8:20-8:20] {C:0} {A:{}}
| operatorSeparator: , [8:21-8:21] {C:0} {A:{}}
| number: 2 [8:22-8:22] {C:0} {A:{}}
| operatorBracket: ] [8:23-8:23] {C:0} {A:{}}
| whiteSpace:   [8:24-8:24] {C:0} {A:{}}
| keyword: of [8:25-8:26] {C:0} {A:{}}
| whiteSpace:   [8:27-8:27] {C:0} {A:{}}
| keyword: char [8:28-8:31] {C:0} {A:{}}
| operatorParenthesis: ( [8:32-8:32] {C:0} {A:{}}
| number: 30 [8:33-8:34] {C:0} {A:{}}
| operatorParenthesis: ) [8:35-8:35] {C:0} {A:{}}
| newLine: \\n\\n [8:36-8:37] {C:0} {A:{}}
| keyword: end [10:1-10:3] {C:0} {A:{}}
| whiteSpace:   [10:4-10:4] {C:0} {A:{}}
| keyword: function [10:5-10:12] {C:0} {A:{}}
| newLine: \\n\\n [10:13-10:14] {C:0} {A:{}}
| keyword: function [12:1-12:8] {C:0} {A:{}}
| whiteSpace:   [12:9-12:9] {C:0} {A:{}}
| identifier: f2 [12:10-12:11] {C:0} {A:{}}
| operatorParenthesis: ( [12:12-12:12] {C:0} {A:{}}
| operatorParenthesis: ) [12:13-12:13] {C:0} {A:{}}
| newLine: \\n\\n [12:14-12:15] {C:0} {A:{}}
| whiteSpace: \\t [14:1-14:1] {C:0} {A:{}}
| keyword: let [14:2-14:4] {C:0} {A:{}}
| whiteSpace:   [14:5-14:5] {C:0} {A:{}}
| identifier: ma_array [14:6-14:13] {C:0} {A:{}}
| operatorBracket: [ [14:14-14:14] {C:0} {A:{}}
| identifier: l_ind [14:15-14:19] {C:0} {A:{}}
| operatorBracket: ] [14:20-14:20] {C:0} {A:{}}
| identifier: .f2_check [14:21-14:29] {C:0} {A:{}}
| whiteSpace:        [14:30-14:35] {C:0} {A:{}}
| operatorMath: = [14:36-14:36] {C:0} {A:{}}
| whiteSpace:   [14:37-14:37] {C:0} {A:{}}
| keyword: null [14:38-14:41] {C:0} {A:{}}
| newLine: \\n [14:42-14:42] {C:0} {A:{}}
| whiteSpace: \\t [15:1-15:1] {C:0} {A:{}}
| keyword: let [15:2-15:4] {C:0} {A:{}}
| whiteSpace:   [15:5-15:5] {C:0} {A:{}}
| identifier: ma_array [15:6-15:13] {C:0} {A:{}}
| operatorBracket: [ [15:14-15:14] {C:0} {A:{}}
| identifier: l_ind [15:15-15:19] {C:0} {A:{}}
| operatorBracket: ] [15:20-15:20] {C:0} {A:{}}
| identifier: .f2_integer [15:21-15:31] {C:0} {A:{}}
| whiteSpace:      [15:32-15:35] {C:0} {A:{}}
| operatorMath: = [15:36-15:36] {C:0} {A:{}}
| whiteSpace:   [15:37-15:37] {C:0} {A:{}}
| keyword: null [15:38-15:41] {C:0} {A:{}}
| newLine: \\n [15:42-15:42] {C:0} {A:{}}
| whiteSpace: \\t [16:1-16:1] {C:0} {A:{}}
| keyword: let [16:2-16:4] {C:0} {A:{}}
| whiteSpace:   [16:5-16:5] {C:0} {A:{}}
| identifier: ma_array [16:6-16:13] {C:0} {A:{}}
| operatorBracket: [ [16:14-16:14] {C:0} {A:{}}
| identifier: l_ind [16:15-16:19] {C:0} {A:{}}
| operatorBracket: ] [16:20-16:20] {C:0} {A:{}}
| identifier: .f2_date [16:21-16:28] {C:0} {A:{}}
| whiteSpace:         [16:29-16:35] {C:0} {A:{}}
| operatorMath: = [16:36-16:36] {C:0} {A:{}}
| whiteSpace:   [16:37-16:37] {C:0} {A:{}}
| keyword: today [16:38-16:42] {C:0} {A:{}}
| whiteSpace:   [16:43-16:43] {C:0} {A:{}}
| operatorMath: + [16:44-16:44] {C:0} {A:{}}
| whiteSpace:   [16:45-16:45] {C:0} {A:{}}
| identifier: l_ind [16:46-16:50] {C:0} {A:{}}
| whiteSpace:   [16:51-16:51] {C:0} {A:{}}
| keyword: units [16:52-16:56] {C:0} {A:{}}
| whiteSpace:   [16:57-16:57] {C:0} {A:{}}
| keyword: day [16:58-16:60] {C:0} {A:{}}
| newLine: \\n [16:61-16:61] {C:0} {A:{}}
| whiteSpace: \\t [17:1-17:1] {C:0} {A:{}}
| keyword: let [17:2-17:4] {C:0} {A:{}}
| whiteSpace:   [17:5-17:5] {C:0} {A:{}}
| identifier: ma_array [17:6-17:13] {C:0} {A:{}}
| operatorBracket: [ [17:14-17:14] {C:0} {A:{}}
| identifier: l_ind [17:15-17:19] {C:0} {A:{}}
| operatorBracket: ] [17:20-17:20] {C:0} {A:{}}
| identifier: .f2_char [17:21-17:28] {C:0} {A:{}}
| whiteSpace:         [17:29-17:35] {C:0} {A:{}}
| operatorMath: = [17:36-17:36] {C:0} {A:{}}
| whiteSpace:   [17:37-17:37] {C:0} {A:{}}
| string: "texto" [17:38-17:44] {C:0} {A:{}}
| operator: || [17:45-17:46] {C:0} {A:{}}
| identifier: l_ind [17:47-17:51] {C:0} {A:{}}
| newLine: \\n [17:52-17:52] {C:0} {A:{}}
| whiteSpace: \\t [18:1-18:1] {C:0} {A:{}}
| keyword: let [18:2-18:4] {C:0} {A:{}}
| whiteSpace:   [18:5-18:5] {C:0} {A:{}}
| identifier: ma_array [18:6-18:13] {C:0} {A:{}}
| operatorBracket: [ [18:14-18:14] {C:0} {A:{}}
| identifier: l_ind [18:15-18:19] {C:0} {A:{}}
| operatorBracket: ] [18:20-18:20] {C:0} {A:{}}
| identifier: .f2_date [18:21-18:28] {C:0} {A:{}}
| whiteSpace:         [18:29-18:35] {C:0} {A:{}}
| operatorMath: = [18:36-18:36] {C:0} {A:{}}
| whiteSpace:   [18:37-18:37] {C:0} {A:{}}
| keyword: today [18:38-18:42] {C:0} {A:{}}
| whiteSpace:   [18:43-18:43] {C:0} {A:{}}
| operatorMath: + [18:44-18:44] {C:0} {A:{}}
| whiteSpace:   [18:45-18:45] {C:0} {A:{}}
| number: 3 [18:46-18:46] {C:0} {A:{}}
| whiteSpace:   [18:47-18:47] {C:0} {A:{}}
| keyword: units [18:48-18:52] {C:0} {A:{}}
| whiteSpace:   [18:53-18:53] {C:0} {A:{}}
| keyword: day [18:54-18:56] {C:0} {A:{}}
| newLine: \\n\\n [18:57-18:58] {C:0} {A:{}}
| keyword: end [20:1-20:3] {C:0} {A:{}}
| whiteSpace:   [20:4-20:4] {C:0} {A:{}}
| keyword: function [20:5-20:12] {C:0} {A:{}}
| newLine: \\n [20:13-20:13] {C:0} {A:{}}

`;

exports[`4gl: token array2.4gl 1`] = `
token:  [1:1-4:9] {C:1} {A:{}}
| keyword: main [1:1-1:4] {C:0} {A:{}}
| newLine: \\n [1:5-1:5] {C:0} {A:{}}
| whiteSpace:      [2:1-2:4] {C:0} {A:{}}
| keyword: define [2:5-2:10] {C:0} {A:{}}
| whiteSpace:   [2:11-2:11] {C:0} {A:{}}
| identifier: lista [2:12-2:16] {C:0} {A:{}}
| whiteSpace:   [2:17-2:17] {C:0} {A:{}}
| keyword: array [2:18-2:22] {C:0} {A:{}}
| operatorBracket: [ [2:23-2:23] {C:0} {A:{}}
| number: 5 [2:24-2:24] {C:0} {A:{}}
| operatorBracket: ] [2:25-2:25] {C:0} {A:{}}
| whiteSpace:   [2:26-2:26] {C:0} {A:{}}
| keyword: of [2:27-2:28] {C:0} {A:{}}
| whiteSpace:   [2:29-2:29] {C:0} {A:{}}
| keyword: integer [2:30-2:36] {C:0} {A:{}}
| newLine: \\n [2:37-2:37] {C:0} {A:{}}
| whiteSpace: \\t [3:1-3:1] {C:0} {A:{}}
| keyword: call [3:2-3:5] {C:0} {A:{}}
| whiteSpace:   [3:6-3:6] {C:0} {A:{}}
| identifier: arrayadditem [3:7-3:18] {C:0} {A:{}}
| operatorParenthesis: ( [3:19-3:19] {C:0} {A:{}}
| identifier: p_array [3:20-3:26] {C:0} {A:{}}
| operatorSeparator: , [3:27-3:27] {C:0} {A:{}}
| identifier: l_linesadd [3:28-3:37] {C:0} {A:{}}
| operatorParenthesis: ) [3:38-3:38] {C:0} {A:{}}
| newLine: \\n [3:39-3:39] {C:0} {A:{}}
| keyword: end [4:1-4:3] {C:0} {A:{}}
| whiteSpace:   [4:4-4:4] {C:0} {A:{}}
| keyword: main [4:5-4:8] {C:0} {A:{}}
| newLine: \\n [4:9-4:9] {C:0} {A:{}}

`;
