// Jest Snapshot v1, https://goo.gl/fbAQLP

exports[`4gl: Token array.4gl 1`] = `
main
    define lista array[5] of integer
end main


function f1()
	define var1 array[1] of integer
	define var1 array[1,2] of char(30)

end function

function f2()

	let ma_array[l_ind].f2_check      = null
	let ma_array[l_ind].f2_integer    = null
	let ma_array[l_ind].f2_date       = today + l_ind units day
	let ma_array[l_ind].f2_char       = "texto"||l_ind
	let ma_array[l_ind].f2_date       = today + 3 units day

end function
~~~~~~~~~~~~~~~~~~~~~~~~~~~~~~~~~~~~~~~~~~~~~~~~~~~~~~~~~~~~~~~~~~~~~~~~~~~~~~~~
[
  [
    {
      "kind": "keyword",
      "offset": {
        "start": 0,
        "end": 5
      },
      "line": 1,
      "column": 1,
      "value": "main",
      "whitespace": [
        {
          "kind": "whitespace",
          "offset": {
            "start": 4,
            "end": 5
          },
          "line": 1,
          "column": 5,
          "value": "\\n"
        }
      ]
    },
    {
      "kind": "whitespace",
      "offset": {
        "start": 5,
        "end": 9
      },
      "line": 2,
      "column": 1,
      "value": "    "
    },
    {
      "kind": "keyword",
      "offset": {
        "start": 9,
        "end": 16
      },
      "line": 2,
      "column": 5,
      "value": "define",
      "whitespace": {
        "kind": "whitespace",
        "offset": {
          "start": 15,
          "end": 16
        },
        "line": 2,
        "column": 11,
        "value": " "
      }
    },
    {
      "kind": "whitespace",
      "offset": {
        "start": 21,
        "end": 22
      },
      "line": 2,
      "column": 17,
      "value": " "
    },
    {
      "kind": "keyword",
      "offset": {
        "start": 22,
        "end": 27
      },
      "line": 2,
      "column": 18,
      "value": "array",
      "whitespace": null
    },
    {
      "kind": "operator",
      "offset": {
        "start": 27,
        "end": 28
      },
      "line": 2,
      "column": 23,
      "value": "["
    },
    {
      "kind": "number",
      "offset": {
        "start": 28,
        "end": 29
      },
      "line": 2,
      "column": 24,
      "value": 5
    },
    {
      "kind": "operator",
      "offset": {
        "start": 29,
        "end": 31
      },
      "line": 2,
      "column": 25,
      "value": "] "
    },
    {
      "kind": "whitespace",
      "offset": {
        "start": 33,
        "end": 34
      },
      "line": 2,
      "column": 29,
      "value": " "
    },
    {
      "kind": "keyword",
      "offset": {
        "start": 34,
        "end": 36
      },
      "line": 2,
      "column": 30,
      "value": "in",
      "whitespace": null
    },
    [
      {
        "kind": "whitespace",
        "offset": {
          "start": 41,
          "end": 42
        },
        "line": 2,
        "column": 37,
        "value": "\\n"
      }
    ],
    {
      "kind": "keyword",
      "offset": {
        "start": 42,
        "end": 46
      },
      "line": 3,
      "column": 1,
      "value": "end",
      "whitespace": {
        "kind": "whitespace",
        "offset": {
          "start": 45,
          "end": 46
        },
        "line": 3,
        "column": 4,
        "value": " "
      }
    },
    {
      "kind": "keyword",
      "offset": {
        "start": 46,
        "end": 53
      },
      "line": 3,
      "column": 5,
      "value": "main",
      "whitespace": [
        {
          "kind": "whitespace",
          "offset": {
            "start": 50,
            "end": 51
          },
          "line": 3,
          "column": 9,
          "value": "\\n"
        },
        {
          "kind": "whitespace",
          "offset": {
            "start": 51,
            "end": 52
          },
          "line": 4,
          "column": 1,
          "value": "\\n"
        },
        {
          "kind": "whitespace",
          "offset": {
            "start": 52,
            "end": 53
          },
          "line": 5,
          "column": 1,
          "value": "\\n"
        }
      ]
    },
    {
      "kind": "keyword",
      "offset": {
        "start": 53,
        "end": 62
      },
      "line": 6,
      "column": 1,
      "value": "function",
      "whitespace": {
        "kind": "whitespace",
        "offset": {
          "start": 61,
          "end": 62
        },
        "line": 6,
        "column": 9,
        "value": " "
      }
    },
    [
      {
        "kind": "whitespace",
        "offset": {
          "start": 66,
          "end": 67
        },
        "line": 6,
        "column": 14,
        "value": "\\n"
      }
    ],
    {
      "kind": "whitespace",
      "offset": {
        "start": 67,
        "end": 68
      },
      "line": 7,
      "column": 1,
      "value": "\\t"
    },
    {
      "kind": "keyword",
      "offset": {
        "start": 68,
        "end": 75
      },
      "line": 7,
      "column": 2,
      "value": "define",
      "whitespace": {
        "kind": "whitespace",
        "offset": {
          "start": 74,
          "end": 75
        },
        "line": 7,
        "column": 8,
        "value": " "
      }
    },
    {
      "kind": "whitespace",
      "offset": {
        "start": 79,
        "end": 80
      },
      "line": 7,
      "column": 13,
      "value": " "
    },
    {
      "kind": "keyword",
      "offset": {
        "start": 80,
        "end": 85
      },
      "line": 7,
      "column": 14,
      "value": "array",
      "whitespace": null
    },
    {
      "kind": "operator",
      "offset": {
        "start": 85,
        "end": 86
      },
      "line": 7,
      "column": 19,
      "value": "["
    },
    {
      "kind": "number",
      "offset": {
        "start": 86,
        "end": 87
      },
      "line": 7,
      "column": 20,
      "value": 1
    },
    {
      "kind": "operator",
      "offset": {
        "start": 87,
        "end": 89
      },
      "line": 7,
      "column": 21,
      "value": "] "
    },
    {
      "kind": "whitespace",
      "offset": {
        "start": 91,
        "end": 92
      },
      "line": 7,
      "column": 25,
      "value": " "
    },
    {
      "kind": "keyword",
      "offset": {
        "start": 92,
        "end": 94
      },
      "line": 7,
      "column": 26,
      "value": "in",
      "whitespace": null
    },
    [
      {
        "kind": "whitespace",
        "offset": {
          "start": 99,
          "end": 100
        },
        "line": 7,
        "column": 33,
        "value": "\\n"
      }
    ],
    {
      "kind": "whitespace",
      "offset": {
        "start": 100,
        "end": 101
      },
      "line": 8,
      "column": 1,
      "value": "\\t"
    },
    {
      "kind": "keyword",
      "offset": {
        "start": 101,
        "end": 108
      },
      "line": 8,
      "column": 2,
      "value": "define",
      "whitespace": {
        "kind": "whitespace",
        "offset": {
          "start": 107,
          "end": 108
        },
        "line": 8,
        "column": 8,
        "value": " "
      }
    },
    {
      "kind": "whitespace",
      "offset": {
        "start": 112,
        "end": 113
      },
      "line": 8,
      "column": 13,
      "value": " "
    },
    {
      "kind": "keyword",
      "offset": {
        "start": 113,
        "end": 118
      },
      "line": 8,
      "column": 14,
      "value": "array",
      "whitespace": null
    },
    {
      "kind": "operator",
      "offset": {
        "start": 118,
        "end": 119
      },
      "line": 8,
      "column": 19,
      "value": "["
    },
    {
      "kind": "number",
      "offset": {
        "start": 119,
        "end": 120
      },
      "line": 8,
      "column": 20,
      "value": 1
    },
    {
      "kind": "operator",
      "offset": {
        "start": 120,
        "end": 121
      },
      "line": 8,
      "column": 21,
      "value": ","
    },
    {
      "kind": "number",
      "offset": {
        "start": 121,
        "end": 122
      },
      "line": 8,
      "column": 22,
      "value": 2
    },
    {
      "kind": "operator",
      "offset": {
        "start": 122,
        "end": 124
      },
      "line": 8,
      "column": 23,
      "value": "] "
    },
    {
      "kind": "whitespace",
      "offset": {
        "start": 126,
        "end": 127
      },
      "line": 8,
      "column": 27,
      "value": " "
    },
    [
      {
        "kind": "whitespace",
        "offset": {
          "start": 135,
          "end": 136
        },
        "line": 8,
        "column": 36,
        "value": "\\n"
      },
      {
        "kind": "whitespace",
        "offset": {
          "start": 136,
          "end": 137
        },
        "line": 9,
        "column": 1,
        "value": "\\n"
      }
    ],
    {
      "kind": "keyword",
      "offset": {
        "start": 137,
        "end": 141
      },
      "line": 10,
      "column": 1,
      "value": "end",
      "whitespace": {
        "kind": "whitespace",
        "offset": {
          "start": 140,
          "end": 141
        },
        "line": 10,
        "column": 4,
        "value": " "
      }
    },
    {
      "kind": "keyword",
      "offset": {
        "start": 141,
        "end": 151
      },
      "line": 10,
      "column": 5,
      "value": "function",
      "whitespace": [
        {
          "kind": "whitespace",
          "offset": {
            "start": 149,
            "end": 150
          },
          "line": 10,
          "column": 13,
          "value": "\\n"
        },
        {
          "kind": "whitespace",
          "offset": {
            "start": 150,
            "end": 151
          },
          "line": 11,
          "column": 1,
          "value": "\\n"
        }
      ]
    },
    {
      "kind": "keyword",
      "offset": {
        "start": 151,
        "end": 160
      },
      "line": 12,
      "column": 1,
      "value": "function",
      "whitespace": {
        "kind": "whitespace",
        "offset": {
          "start": 159,
          "end": 160
        },
        "line": 12,
        "column": 9,
        "value": " "
      }
    },
    [
      {
        "kind": "whitespace",
        "offset": {
          "start": 164,
          "end": 165
        },
        "line": 12,
        "column": 14,
        "value": "\\n"
      },
      {
        "kind": "whitespace",
        "offset": {
          "start": 165,
          "end": 166
        },
        "line": 13,
        "column": 1,
        "value": "\\n"
      }
    ],
    {
      "kind": "whitespace",
      "offset": {
        "start": 166,
        "end": 167
      },
      "line": 14,
      "column": 1,
      "value": "\\t"
    },
    {
      "kind": "keyword",
      "offset": {
        "start": 167,
        "end": 171
      },
      "line": 14,
      "column": 2,
      "value": "let",
      "whitespace": {
        "kind": "whitespace",
        "offset": {
          "start": 170,
          "end": 171
        },
        "line": 14,
        "column": 5,
        "value": " "
      }
    },
    {
      "kind": "whitespace",
      "offset": {
        "start": 195,
        "end": 201
      },
      "line": 14,
      "column": 30,
      "value": "      "
    },
    {
      "kind": "whitespace",
      "offset": {
        "start": 202,
        "end": 203
      },
      "line": 14,
      "column": 37,
      "value": " "
    },
    {
      "kind": "keyword",
      "offset": {
        "start": 203,
        "end": 208
      },
      "line": 14,
      "column": 38,
      "value": "null",
      "whitespace": [
        {
          "kind": "whitespace",
          "offset": {
            "start": 207,
            "end": 208
          },
          "line": 14,
          "column": 42,
          "value": "\\n"
        }
      ]
    },
    {
      "kind": "whitespace",
      "offset": {
        "start": 208,
        "end": 209
      },
      "line": 15,
      "column": 1,
      "value": "\\t"
    },
    {
      "kind": "keyword",
      "offset": {
        "start": 209,
        "end": 213
      },
      "line": 15,
      "column": 2,
      "value": "let",
      "whitespace": {
        "kind": "whitespace",
        "offset": {
          "start": 212,
          "end": 213
        },
        "line": 15,
        "column": 5,
        "value": " "
      }
    },
    {
      "kind": "whitespace",
      "offset": {
        "start": 239,
        "end": 243
      },
      "line": 15,
      "column": 32,
      "value": "    "
    },
    {
      "kind": "whitespace",
      "offset": {
        "start": 244,
        "end": 245
      },
      "line": 15,
      "column": 37,
      "value": " "
    },
    {
      "kind": "keyword",
      "offset": {
        "start": 245,
        "end": 250
      },
      "line": 15,
      "column": 38,
      "value": "null",
      "whitespace": [
        {
          "kind": "whitespace",
          "offset": {
            "start": 249,
            "end": 250
          },
          "line": 15,
          "column": 42,
          "value": "\\n"
        }
      ]
    },
    {
      "kind": "whitespace",
      "offset": {
        "start": 250,
        "end": 251
      },
      "line": 16,
      "column": 1,
      "value": "\\t"
    },
    {
      "kind": "keyword",
      "offset": {
        "start": 251,
        "end": 255
      },
      "line": 16,
      "column": 2,
      "value": "let",
      "whitespace": {
        "kind": "whitespace",
        "offset": {
          "start": 254,
          "end": 255
        },
        "line": 16,
        "column": 5,
        "value": " "
      }
    },
    {
      "kind": "whitespace",
      "offset": {
        "start": 278,
        "end": 285
      },
      "line": 16,
      "column": 29,
      "value": "       "
    },
    {
      "kind": "whitespace",
      "offset": {
        "start": 286,
        "end": 287
      },
      "line": 16,
      "column": 37,
      "value": " "
    },
    {
      "kind": "keyword",
      "offset": {
        "start": 287,
        "end": 289
      },
      "line": 16,
      "column": 38,
      "value": "to",
      "whitespace": null
    },
    {
      "kind": "keyword",
      "offset": {
        "start": 289,
        "end": 293
      },
      "line": 16,
      "column": 40,
      "value": "day",
      "whitespace": {
        "kind": "whitespace",
        "offset": {
          "start": 292,
          "end": 293
        },
        "line": 16,
        "column": 43,
        "value": " "
      }
    },
    {
      "kind": "whitespace",
      "offset": {
        "start": 294,
        "end": 295
      },
      "line": 16,
      "column": 45,
      "value": " "
    },
    {
      "kind": "whitespace",
      "offset": {
        "start": 300,
        "end": 301
      },
      "line": 16,
      "column": 51,
      "value": " "
    },
    {
      "kind": "keyword",
      "offset": {
        "start": 301,
        "end": 307
      },
      "line": 16,
      "column": 52,
      "value": "units",
      "whitespace": {
        "kind": "whitespace",
        "offset": {
          "start": 306,
          "end": 307
        },
        "line": 16,
        "column": 57,
        "value": " "
      }
    },
    {
      "kind": "keyword",
      "offset": {
        "start": 307,
        "end": 311
      },
      "line": 16,
      "column": 58,
      "value": "day",
      "whitespace": [
        {
          "kind": "whitespace",
          "offset": {
            "start": 310,
            "end": 311
          },
          "line": 16,
          "column": 61,
          "value": "\\n"
        }
      ]
    },
    {
      "kind": "whitespace",
      "offset": {
        "start": 311,
        "end": 312
      },
      "line": 17,
      "column": 1,
      "value": "\\t"
    },
    {
      "kind": "keyword",
      "offset": {
        "start": 312,
        "end": 316
      },
      "line": 17,
      "column": 2,
      "value": "let",
      "whitespace": {
        "kind": "whitespace",
        "offset": {
          "start": 315,
          "end": 316
        },
        "line": 17,
        "column": 5,
        "value": " "
      }
    },
    {
      "kind": "whitespace",
      "offset": {
        "start": 339,
        "end": 346
      },
      "line": 17,
      "column": 29,
      "value": "       "
    },
    {
      "kind": "whitespace",
      "offset": {
        "start": 347,
        "end": 348
      },
      "line": 17,
      "column": 37,
      "value": " "
    },
    {
      "kind": "string",
      "offset": {
        "start": 348,
        "end": 355
      },
      "line": 17,
      "column": 38,
      "value": "\\"texto\\""
    },
    [
      {
        "kind": "whitespace",
        "offset": {
          "start": 362,
          "end": 363
        },
        "line": 17,
        "column": 52,
        "value": "\\n"
      }
    ],
    {
      "kind": "whitespace",
      "offset": {
        "start": 363,
        "end": 364
      },
      "line": 18,
      "column": 1,
      "value": "\\t"
    },
    {
      "kind": "keyword",
      "offset": {
        "start": 364,
        "end": 368
      },
      "line": 18,
      "column": 2,
      "value": "let",
      "whitespace": {
        "kind": "whitespace",
        "offset": {
          "start": 367,
          "end": 368
        },
        "line": 18,
        "column": 5,
        "value": " "
      }
    },
    {
      "kind": "whitespace",
      "offset": {
        "start": 391,
        "end": 398
      },
      "line": 18,
      "column": 29,
      "value": "       "
    },
    {
      "kind": "whitespace",
      "offset": {
        "start": 399,
        "end": 400
      },
      "line": 18,
      "column": 37,
      "value": " "
    },
    {
      "kind": "keyword",
      "offset": {
        "start": 400,
        "end": 402
      },
      "line": 18,
      "column": 38,
      "value": "to",
      "whitespace": null
    },
    {
      "kind": "keyword",
      "offset": {
        "start": 402,
        "end": 406
      },
      "line": 18,
      "column": 40,
      "value": "day",
      "whitespace": {
        "kind": "whitespace",
        "offset": {
          "start": 405,
          "end": 406
        },
        "line": 18,
        "column": 43,
        "value": " "
      }
    },
    {
      "kind": "whitespace",
      "offset": {
        "start": 407,
        "end": 408
      },
      "line": 18,
      "column": 45,
      "value": " "
    },
    {
      "kind": "number",
      "offset": {
        "start": 408,
        "end": 409
      },
      "line": 18,
      "column": 46,
      "value": 3
    },
    {
      "kind": "whitespace",
      "offset": {
        "start": 409,
        "end": 410
      },
      "line": 18,
      "column": 47,
      "value": " "
    },
    {
      "kind": "keyword",
      "offset": {
        "start": 410,
        "end": 416
      },
      "line": 18,
      "column": 48,
      "value": "units",
      "whitespace": {
        "kind": "whitespace",
        "offset": {
          "start": 415,
          "end": 416
        },
        "line": 18,
        "column": 53,
        "value": " "
      }
    },
    {
      "kind": "keyword",
      "offset": {
        "start": 416,
        "end": 421
      },
      "line": 18,
      "column": 54,
      "value": "day",
      "whitespace": [
        {
          "kind": "whitespace",
          "offset": {
            "start": 419,
            "end": 420
          },
          "line": 18,
          "column": 57,
          "value": "\\n"
        },
        {
          "kind": "whitespace",
          "offset": {
            "start": 420,
            "end": 421
          },
          "line": 19,
          "column": 1,
          "value": "\\n"
        }
      ]
    },
    {
      "kind": "keyword",
      "offset": {
        "start": 421,
        "end": 425
      },
      "line": 20,
      "column": 1,
      "value": "end",
      "whitespace": {
        "kind": "whitespace",
        "offset": {
          "start": 424,
          "end": 425
        },
        "line": 20,
        "column": 4,
        "value": " "
      }
    },
    {
      "kind": "keyword",
      "offset": {
        "start": 425,
        "end": 434
      },
      "line": 20,
      "column": 5,
      "value": "function",
      "whitespace": [
        {
          "kind": "whitespace",
          "offset": {
            "start": 433,
            "end": 434
          },
          "line": 20,
          "column": 13,
          "value": "\\n"
        }
      ]
    }
  ]
]
`;

exports[`4gl: Token array2.4gl 1`] = `
main
    define lista array[5] of integer
	call arrayadditem(p_array,l_linesadd)
end main
~~~~~~~~~~~~~~~~~~~~~~~~~~~~~~~~~~~~~~~~~~~~~~~~~~~~~~~~~~~~~~~~~~~~~~~~~~~~~~~~
[
  [
    {
      "kind": "keyword",
      "offset": {
        "start": 0,
        "end": 5
      },
      "line": 1,
      "column": 1,
      "value": "main",
      "whitespace": [
        {
          "kind": "whitespace",
          "offset": {
            "start": 4,
            "end": 5
          },
          "line": 1,
          "column": 5,
          "value": "\\n"
        }
      ]
    },
    {
      "kind": "whitespace",
      "offset": {
        "start": 5,
        "end": 9
      },
      "line": 2,
      "column": 1,
      "value": "    "
    },
    {
      "kind": "keyword",
      "offset": {
        "start": 9,
        "end": 16
      },
      "line": 2,
      "column": 5,
      "value": "define",
      "whitespace": {
        "kind": "whitespace",
        "offset": {
          "start": 15,
          "end": 16
        },
        "line": 2,
        "column": 11,
        "value": " "
      }
    },
    {
      "kind": "whitespace",
      "offset": {
        "start": 21,
        "end": 22
      },
      "line": 2,
      "column": 17,
      "value": " "
    },
    {
      "kind": "keyword",
      "offset": {
        "start": 22,
        "end": 27
      },
      "line": 2,
      "column": 18,
      "value": "array",
      "whitespace": null
    },
    {
      "kind": "operator",
      "offset": {
        "start": 27,
        "end": 28
      },
      "line": 2,
      "column": 23,
      "value": "["
    },
    {
      "kind": "number",
      "offset": {
        "start": 28,
        "end": 29
      },
      "line": 2,
      "column": 24,
      "value": 5
    },
    {
      "kind": "operator",
      "offset": {
        "start": 29,
        "end": 31
      },
      "line": 2,
      "column": 25,
      "value": "] "
    },
    {
      "kind": "whitespace",
      "offset": {
        "start": 33,
        "end": 34
      },
      "line": 2,
      "column": 29,
      "value": " "
    },
    {
      "kind": "keyword",
      "offset": {
        "start": 34,
        "end": 36
      },
      "line": 2,
      "column": 30,
      "value": "in",
      "whitespace": null
    },
    [
      {
        "kind": "whitespace",
        "offset": {
          "start": 41,
          "end": 42
        },
        "line": 2,
        "column": 37,
        "value": "\\n"
      }
    ],
    {
      "kind": "whitespace",
      "offset": {
        "start": 42,
        "end": 43
      },
      "line": 3,
      "column": 1,
      "value": "\\t"
    },
    {
      "kind": "keyword",
      "offset": {
        "start": 43,
        "end": 48
      },
      "line": 3,
      "column": 2,
      "value": "call",
      "whitespace": {
        "kind": "whitespace",
        "offset": {
          "start": 47,
          "end": 48
        },
        "line": 3,
        "column": 6,
        "value": " "
      }
    },
    {
      "kind": "keyword",
      "offset": {
        "start": 48,
        "end": 53
      },
      "line": 3,
      "column": 7,
      "value": "array",
      "whitespace": null
    },
    [
      {
        "kind": "whitespace",
        "offset": {
          "start": 80,
          "end": 81
        },
        "line": 3,
        "column": 39,
        "value": "\\n"
      }
    ],
    {
      "kind": "keyword",
      "offset": {
        "start": 81,
        "end": 85
      },
      "line": 4,
      "column": 1,
      "value": "end",
      "whitespace": {
        "kind": "whitespace",
        "offset": {
          "start": 84,
          "end": 85
        },
        "line": 4,
        "column": 4,
        "value": " "
      }
    },
    {
      "kind": "keyword",
      "offset": {
        "start": 85,
        "end": 90
      },
      "line": 4,
      "column": 5,
      "value": "main",
      "whitespace": [
        {
          "kind": "whitespace",
          "offset": {
            "start": 89,
            "end": 90
          },
          "line": 4,
          "column": 9,
          "value": "\\n"
        }
      ]
    }
  ]
]
`;
